[RacingEnv] Raceline(name='LVMS_23_01_04_A_fastest_lap', vertices=1225, length=2449.0m, mean_vx=51.8, max_vx=53.8)
Config: /Users/ethan/Documents/GitHub/edgar_project/EDGAR/deep_dynamics/rl/configs/default.yaml
Training: max_episodes=3000  obs_dim=27 action_dim=2 buffer=1000000 random_steps=3000
ep     1  steps     275  R    7680.19  len  275  laps 0  max_vx 35.45
ep     2  steps     371  R     120.82  len   96  laps 0  max_vx 28.52
ep     3  steps     489  R    2518.74  len  118  laps 0  max_vx 28.55
ep     4  steps     622  R    3244.19  len  133  laps 0  max_vx 30.32
ep     5  steps     716  R    -977.83  len   94  laps 0  max_vx 27.81
ep     6  steps     890  R    4191.87  len  174  laps 0  max_vx 31.99
ep     7  steps     973  R    1304.45  len   83  laps 0  max_vx 27.42
ep     8  steps    1086  R    3289.76  len  113  laps 0  max_vx 29.55
ep     9  steps    1154  R     831.16  len   68  laps 0  max_vx 27.44
ep    10  steps    1273  R    1853.84  len  119  laps 0  max_vx 30.06
ep    11  steps    1369  R    -114.74  len   96  laps 0  max_vx 27.74
ep    12  steps    1436  R    -703.78  len   67  laps 0  max_vx 26.88
ep    13  steps    1526  R    -124.37  len   90  laps 0  max_vx 27.29
ep    14  steps    1605  R    -540.13  len   79  laps 0  max_vx 27.51
ep    15  steps    1722  R    2246.09  len  117  laps 0  max_vx 27.74
ep    16  steps    1797  R    -157.15  len   75  laps 0  max_vx 27.05
ep    17  steps    1870  R     898.38  len   73  laps 0  max_vx 27.21
ep    18  steps    2242  R    7320.64  len  372  laps 1  max_vx 36.84
ep    19  steps    2458  R    -424.04  len  216  laps 0  max_vx 31.86
ep    20  steps    2562  R     363.17  len  104  laps 0  max_vx 29.01
ep    21  steps    2653  R     924.90  len   91  laps 0  max_vx 27.71
ep    22  steps    2743  R    2265.12  len   90  laps 0  max_vx 27.46
ep    23  steps    2803  R    -170.12  len   60  laps 0  max_vx 26.04
ep    24  steps    2881  R     796.99  len   78  laps 0  max_vx 27.32
ep    25  steps    2954  R    -277.86  len   73  laps 0  max_vx 27.92
ep    26  steps    3067  R     496.92  len  113  laps 0  max_vx 29.45
ep    27  steps    3224  R    2488.50  len  157  laps 1  max_vx 34.32
ep    28  steps    3306  R   -1032.65  len   82  laps 0  max_vx 27.65
ep    29  steps    3564  R    8207.20  len  258  laps 1  max_vx 34.21
ep    30  steps    3630  R    -198.95  len   66  laps 0  max_vx 27.25
ep    31  steps    3705  R       6.17  len   75  laps 0  max_vx 29.27
ep    32  steps    3810  R    -228.95  len  105  laps 0  max_vx 31.32
ep    33  steps    3908  R     -60.39  len   98  laps 0  max_vx 28.68
ep    34  steps    3964  R    -653.83  len   56  laps 0  max_vx 26.43
ep    35  steps    4019  R    -104.04  len   55  laps 0  max_vx 26.96
ep    36  steps    4194  R    4593.65  len  175  laps 0  max_vx 34.95
ep    37  steps    4250  R    -311.99  len   56  laps 0  max_vx 27.26
ep    38  steps    4325  R     660.73  len   75  laps 0  max_vx 28.96
ep    39  steps    4424  R    2191.82  len   99  laps 1  max_vx 30.81
ep    40  steps    4478  R    -290.97  len   54  laps 0  max_vx 27.37
ep    41  steps    4569  R    -646.42  len   91  laps 0  max_vx 28.31
ep    42  steps    4629  R    -376.11  len   60  laps 0  max_vx 26.47
ep    43  steps    4698  R    -403.92  len   69  laps 0  max_vx 27.43
ep    44  steps    4770  R    -867.00  len   72  laps 0  max_vx 28.04
ep    45  steps    4859  R     148.17  len   89  laps 0  max_vx 28.59
ep    46  steps    4930  R    -291.84  len   71  laps 0  max_vx 27.88
ep    47  steps    5015  R    -280.42  len   85  laps 0  max_vx 27.04
ep    48  steps    5072  R    -241.51  len   57  laps 0  max_vx 26.58
ep    49  steps    5146  R    -494.26  len   74  laps 0  max_vx 28.02
ep    50  steps    5346  R    3916.45  len  200  laps 0  max_vx 32.89
  eval  R -1758.06  len 131  max_vx 24.97  laps 0
ep    51  steps    5455  R    2703.71  len  109  laps 0  max_vx 29.91
ep    52  steps    5682  R    5309.14  len  227  laps 1  max_vx 35.80
ep    53  steps    5782  R    1655.21  len  100  laps 0  max_vx 30.60
ep    54  steps    5999  R    4879.94  len  217  laps 0  max_vx 37.53
ep    55  steps    6115  R    2308.03  len  116  laps 1  max_vx 30.40
ep    56  steps    6223  R    2580.53  len  108  laps 0  max_vx 29.93
ep    57  steps    6378  R     275.68  len  155  laps 0  max_vx 32.25
ep    58  steps    6442  R    -562.31  len   64  laps 0  max_vx 26.74
ep    59  steps    6566  R    2134.30  len  124  laps 0  max_vx 27.35
ep    60  steps    6638  R    -507.26  len   72  laps 0  max_vx 27.26
ep    61  steps    6752  R    2802.61  len  114  laps 0  max_vx 29.45
ep    62  steps    6876  R    2342.95  len  124  laps 0  max_vx 28.99
ep    63  steps    6962  R    1728.07  len   86  laps 0  max_vx 26.72
ep    64  steps    7046  R    -429.06  len   84  laps 0  max_vx 27.41
ep    65  steps    7122  R    -622.76  len   76  laps 0  max_vx 26.75
ep    66  steps    7223  R    1806.18  len  101  laps 0  max_vx 27.93
ep    67  steps    7330  R    2333.80  len  107  laps 0  max_vx 27.14
ep    68  steps    7428  R    -228.03  len   98  laps 0  max_vx 28.01
ep    69  steps    7491  R    -708.75  len   63  laps 0  max_vx 26.82
ep    70  steps    7609  R   -1566.11  len  118  laps 0  max_vx 29.25
ep    71  steps    7778  R    2886.93  len  169  laps 1  max_vx 30.62
ep    72  steps    7857  R    1273.48  len   79  laps 0  max_vx 27.37
ep    73  steps    8003  R    1333.13  len  146  laps 0  max_vx 31.19
ep    74  steps    8069  R    -710.54  len   66  laps 0  max_vx 26.80
ep    75  steps    8222  R    1298.35  len  153  laps 0  max_vx 30.96
ep    76  steps    8344  R     519.38  len  122  laps 0  max_vx 28.76
ep    77  steps    8586  R    4433.06  len  242  laps 0  max_vx 33.31
ep    78  steps    8763  R    2826.38  len  177  laps 0  max_vx 31.32
ep    79  steps    8820  R    -190.84  len   57  laps 0  max_vx 26.81
ep    80  steps    9049  R    4383.66  len  229  laps 1  max_vx 33.32
ep    81  steps    9251  R    4169.09  len  202  laps 0  max_vx 33.39
ep    82  steps    9439  R    5158.86  len  188  laps 0  max_vx 31.73
ep    83  steps    9541  R    1817.90  len  102  laps 0  max_vx 27.79
ep    84  steps    9604  R    -875.40  len   63  laps 0  max_vx 26.60
ep    85  steps    9761  R    2862.04  len  157  laps 0  max_vx 31.22
ep    86  steps    9840  R    1332.12  len   79  laps 0  max_vx 27.89
ep    87  steps    9956  R    -302.19  len  116  laps 0  max_vx 29.27
ep    88  steps   10092  R    2109.92  len  136  laps 0  max_vx 29.95
ep    89  steps   10206  R    1555.24  len  114  laps 0  max_vx 28.21
ep    90  steps   10283  R   -1188.31  len   77  laps 0  max_vx 26.67
ep    91  steps   10342  R     393.39  len   59  laps 0  max_vx 26.67
ep    92  steps   10476  R    2504.49  len  134  laps 0  max_vx 31.06
ep    93  steps   10625  R    2939.65  len  149  laps 1  max_vx 30.70
ep    94  steps   10768  R     -84.85  len  143  laps 0  max_vx 30.63
ep    95  steps   10854  R    1687.10  len   86  laps 0  max_vx 27.61
ep    96  steps   10946  R    -331.42  len   92  laps 0  max_vx 27.94
ep    97  steps   11060  R      30.60  len  114  laps 0  max_vx 27.12
ep    98  steps   11189  R    3216.29  len  129  laps 0  max_vx 31.55
ep    99  steps   11279  R    1533.75  len   90  laps 0  max_vx 27.69
ep   100  steps   11396  R    1952.58  len  117  laps 0  max_vx 28.66
  eval  R -266.44  len 63  max_vx 27.21  laps 0
ep   101  steps   11504  R    1325.04  len  108  laps 0  max_vx 28.33
ep   102  steps   11620  R    2178.07  len  116  laps 0  max_vx 29.37
ep   103  steps   11815  R   -1228.83  len  195  laps 0  max_vx 31.35
ep   104  steps   11898  R     768.31  len   83  laps 0  max_vx 26.56
ep   105  steps   11980  R    1820.68  len   82  laps 0  max_vx 27.74
ep   106  steps   12044  R    -137.08  len   64  laps 0  max_vx 27.09
ep   107  steps   12118  R    -166.72  len   74  laps 0  max_vx 27.37
ep   108  steps   12278  R    2230.84  len  160  laps 0  max_vx 29.99
ep   109  steps   12399  R    1382.56  len  121  laps 0  max_vx 30.00
ep   110  steps   12470  R    -271.27  len   71  laps 0  max_vx 26.72
ep   111  steps   12558  R    1377.89  len   88  laps 0  max_vx 28.74
ep   112  steps   12639  R    -857.94  len   81  laps 0  max_vx 27.33
ep   113  steps   12760  R    3191.92  len  121  laps 0  max_vx 28.92
ep   114  steps   12863  R    -397.53  len  103  laps 0  max_vx 28.66
ep   115  steps   12934  R    -676.37  len   71  laps 0  max_vx 26.26
ep   116  steps   13015  R     257.56  len   81  laps 0  max_vx 27.70
ep   117  steps   13158  R    2667.80  len  143  laps 0  max_vx 30.19
ep   118  steps   13294  R    2374.93  len  136  laps 0  max_vx 28.93
ep   119  steps   13451  R    2353.96  len  157  laps 0  max_vx 32.27
ep   120  steps   13570  R    1091.84  len  119  laps 0  max_vx 30.60
ep   121  steps   13666  R    1585.68  len   96  laps 0  max_vx 27.22
ep   122  steps   13778  R     303.13  len  112  laps 0  max_vx 27.91
ep   123  steps   13858  R     851.99  len   80  laps 0  max_vx 27.45
ep   124  steps   13939  R    -356.06  len   81  laps 0  max_vx 27.13
ep   125  steps   14048  R    2049.11  len  109  laps 0  max_vx 28.61
ep   126  steps   14128  R     713.23  len   80  laps 0  max_vx 26.80
ep   127  steps   14204  R    -438.09  len   76  laps 0  max_vx 27.11
ep   128  steps   14276  R     945.44  len   72  laps 0  max_vx 27.56
ep   129  steps   14349  R     -72.54  len   73  laps 0  max_vx 27.23
ep   130  steps   14456  R    2023.85  len  107  laps 0  max_vx 29.49
ep   131  steps   14568  R    3928.30  len  112  laps 0  max_vx 28.88
ep   132  steps   14639  R    -237.10  len   71  laps 0  max_vx 27.98
ep   133  steps   14697  R    -610.28  len   58  laps 0  max_vx 26.51
ep   134  steps   14774  R     325.41  len   77  laps 0  max_vx 27.84
ep   135  steps   14893  R    1277.02  len  119  laps 0  max_vx 28.39
ep   136  steps   15048  R    2878.33  len  155  laps 1  max_vx 30.24
ep   137  steps   15119  R     -50.58  len   71  laps 0  max_vx 27.30
ep   138  steps   15334  R   -2261.20  len  215  laps 0  max_vx 32.64
ep   139  steps   15478  R    2675.40  len  144  laps 0  max_vx 31.95
ep   140  steps   15559  R    -588.44  len   81  laps 0  max_vx 28.44
ep   141  steps   15667  R    2745.76  len  108  laps 0  max_vx 29.65
ep   142  steps   15748  R    1139.11  len   81  laps 0  max_vx 28.42
ep   143  steps   15881  R    2194.19  len  133  laps 0  max_vx 29.89
ep   144  steps   15992  R    1390.83  len  111  laps 0  max_vx 28.44
ep   145  steps   16083  R   -1112.73  len   91  laps 0  max_vx 27.85
ep   146  steps   16176  R    1786.32  len   93  laps 0  max_vx 26.91
ep   147  steps   16259  R    -866.25  len   83  laps 0  max_vx 26.84
ep   148  steps   16314  R    -144.06  len   55  laps 0  max_vx 25.84
ep   149  steps   16496  R    4071.20  len  182  laps 0  max_vx 30.49
ep   150  steps   16558  R    -588.26  len   62  laps 0  max_vx 25.78
  eval  R -238.16  len 69  max_vx 27.12  laps 0
ep   151  steps   16638  R    1018.44  len   80  laps 0  max_vx 27.14
ep   152  steps   16714  R    -491.77  len   76  laps 0  max_vx 27.20
ep   153  steps   16778  R     208.62  len   64  laps 0  max_vx 27.72
ep   154  steps   16849  R     649.06  len   71  laps 0  max_vx 26.94
ep   155  steps   16966  R    -265.91  len  117  laps 0  max_vx 27.02
ep   156  steps   17115  R    4034.20  len  149  laps 1  max_vx 31.19
ep   157  steps   17176  R    -213.46  len   61  laps 0  max_vx 27.41
ep   158  steps   17393  R    5184.54  len  217  laps 0  max_vx 32.21
ep   159  steps   17506  R     394.24  len  113  laps 0  max_vx 30.11
ep   160  steps   17670  R    1046.95  len  164  laps 0  max_vx 30.61
ep   161  steps   17743  R    1332.17  len   73  laps 1  max_vx 26.88
ep   162  steps   17821  R    -334.50  len   78  laps 0  max_vx 27.27
ep   163  steps   17897  R    1199.59  len   76  laps 0  max_vx 27.43
ep   164  steps   17955  R    -475.22  len   58  laps 0  max_vx 25.34
ep   165  steps   18049  R    -298.36  len   94  laps 0  max_vx 27.98
ep   166  steps   18186  R    2401.17  len  137  laps 0  max_vx 30.26
ep   167  steps   18345  R    4807.50  len  159  laps 0  max_vx 29.40
ep   168  steps   18495  R    3931.16  len  150  laps 0  max_vx 30.34
ep   169  steps   18761  R    6696.94  len  266  laps 1  max_vx 34.01
ep   170  steps   18838  R     -20.60  len   77  laps 0  max_vx 28.29
ep   171  steps   18917  R      68.42  len   79  laps 0  max_vx 27.91
ep   172  steps   18979  R     587.61  len   62  laps 0  max_vx 27.32
ep   173  steps   19076  R     198.62  len   97  laps 0  max_vx 28.10
ep   174  steps   19159  R     705.14  len   83  laps 0  max_vx 27.97
ep   175  steps   19327  R    4051.59  len  168  laps 0  max_vx 30.89
ep   176  steps   19406  R    -716.62  len   79  laps 0  max_vx 26.80
ep   177  steps   19482  R    -191.08  len   76  laps 0  max_vx 27.33
ep   178  steps   19535  R    -300.28  len   53  laps 0  max_vx 26.76
ep   179  steps   19607  R    1376.61  len   72  laps 1  max_vx 26.60
ep   180  steps   19671  R      34.98  len   64  laps 0  max_vx 26.60
ep   181  steps   19740  R     249.45  len   69  laps 0  max_vx 28.05
ep   182  steps   19853  R     427.41  len  113  laps 0  max_vx 28.42
ep   183  steps   19944  R    1747.97  len   91  laps 1  max_vx 27.04
ep   184  steps   20018  R     763.49  len   74  laps 0  max_vx 27.18
ep   185  steps   20207  R    5192.60  len  189  laps 0  max_vx 31.60
ep   186  steps   20282  R    1508.14  len   75  laps 0  max_vx 27.85
ep   187  steps   20413  R    1613.72  len  131  laps 0  max_vx 29.19
ep   188  steps   20597  R    3930.10  len  184  laps 0  max_vx 30.51
ep   189  steps   20682  R     707.22  len   85  laps 0  max_vx 27.95
ep   190  steps   20923  R    5839.35  len  241  laps 0  max_vx 31.86
ep   191  steps   21062  R    -666.20  len  139  laps 0  max_vx 28.74
ep   192  steps   21136  R    -176.42  len   74  laps 0  max_vx 28.57
ep   193  steps   21208  R    -471.19  len   72  laps 0  max_vx 27.69
ep   194  steps   21351  R    2454.30  len  143  laps 0  max_vx 29.56
ep   195  steps   21430  R    1119.55  len   79  laps 0  max_vx 27.81
ep   196  steps   21523  R    1472.89  len   93  laps 0  max_vx 28.83
ep   197  steps   21624  R    1386.42  len  101  laps 0  max_vx 29.56
ep   198  steps   21689  R     565.42  len   65  laps 0  max_vx 26.19
ep   199  steps   21825  R    3101.45  len  136  laps 0  max_vx 29.48
ep   200  steps   21907  R    -604.77  len   82  laps 0  max_vx 27.67
  eval  R -263.78  len 68  max_vx 27.17  laps 0
ep   201  steps   22097  R    4958.18  len  190  laps 0  max_vx 32.84
ep   202  steps   22225  R    -703.06  len  128  laps 0  max_vx 29.31
ep   203  steps   22421  R    3706.90  len  196  laps 0  max_vx 34.63
ep   204  steps   22518  R    1435.05  len   97  laps 0  max_vx 27.94
ep   205  steps   22632  R    2028.06  len  114  laps 0  max_vx 28.32
ep   206  steps   22713  R    -132.76  len   81  laps 0  max_vx 27.33
ep   207  steps   22794  R    -115.10  len   81  laps 0  max_vx 26.78
ep   208  steps   22874  R    1427.66  len   80  laps 0  max_vx 27.15
ep   209  steps   22951  R     724.96  len   77  laps 0  max_vx 27.55
ep   210  steps   23057  R    2471.44  len  106  laps 0  max_vx 28.19
ep   211  steps   23119  R    -351.34  len   62  laps 0  max_vx 26.32
ep   212  steps   23268  R    1774.93  len  149  laps 0  max_vx 30.32
ep   213  steps   23362  R    -682.04  len   94  laps 0  max_vx 27.20
ep   214  steps   23469  R    1737.35  len  107  laps 1  max_vx 30.16
ep   215  steps   23634  R     796.28  len  165  laps 0  max_vx 30.66
ep   216  steps   23703  R    1270.82  len   69  laps 1  max_vx 27.16
ep   217  steps   23831  R    2683.04  len  128  laps 0  max_vx 29.15
ep   218  steps   23955  R      37.56  len  124  laps 0  max_vx 29.64
ep   219  steps   24015  R    -302.01  len   60  laps 0  max_vx 26.22
ep   220  steps   24195  R    1801.52  len  180  laps 0  max_vx 30.75
ep   221  steps   24322  R    1988.74  len  127  laps 0  max_vx 28.98
ep   222  steps   24394  R     672.08  len   72  laps 0  max_vx 25.46
ep   223  steps   24487  R     937.98  len   93  laps 0  max_vx 27.88
ep   224  steps   24580  R      82.54  len   93  laps 0  max_vx 28.41
ep   225  steps   24670  R    1444.19  len   90  laps 0  max_vx 27.68
ep   226  steps   24765  R     326.08  len   95  laps 0  max_vx 28.77
ep   227  steps   24846  R     921.32  len   81  laps 0  max_vx 26.99
ep   228  steps   24906  R    -778.20  len   60  laps 0  max_vx 27.40
ep   229  steps   24981  R    -137.62  len   75  laps 0  max_vx 26.72
ep   230  steps   25040  R    -483.89  len   59  laps 0  max_vx 26.36
ep   231  steps   25139  R    -990.11  len   99  laps 0  max_vx 27.08
ep   232  steps   25223  R    -887.25  len   84  laps 0  max_vx 26.64
ep   233  steps   25292  R    -123.92  len   69  laps 0  max_vx 26.95
ep   234  steps   25490  R    4030.50  len  198  laps 0  max_vx 31.87
ep   235  steps   25560  R    -903.82  len   70  laps 0  max_vx 26.99
ep   236  steps   25740  R    2153.60  len  180  laps 0  max_vx 31.55
ep   237  steps   25819  R    1672.09  len   79  laps 0  max_vx 27.62
ep   238  steps   25916  R   -1204.23  len   97  laps 0  max_vx 26.66
ep   239  steps   26082  R    -839.41  len  166  laps 0  max_vx 29.09
ep   240  steps   26294  R    1825.58  len  212  laps 0  max_vx 32.19
ep   241  steps   26443  R    3015.00  len  149  laps 0  max_vx 30.82
ep   242  steps   26532  R    1443.23  len   89  laps 0  max_vx 28.03
ep   243  steps   26629  R      58.95  len   97  laps 0  max_vx 27.51
ep   244  steps   26806  R    3603.51  len  177  laps 1  max_vx 31.18
ep   245  steps   26963  R    3061.62  len  157  laps 1  max_vx 30.35
ep   246  steps   27037  R    1017.36  len   74  laps 0  max_vx 26.99
ep   247  steps   27149  R    2774.01  len  112  laps 0  max_vx 29.87
ep   248  steps   27198  R    -556.52  len   49  laps 0  max_vx 25.85
ep   249  steps   27273  R     835.60  len   75  laps 0  max_vx 26.66
ep   250  steps   27486  R    2379.65  len  213  laps 0  max_vx 33.29
  eval  R -242.57  len 67  max_vx 27.18  laps 0
ep   251  steps   27542  R    -169.12  len   56  laps 0  max_vx 26.15
ep   252  steps   27642  R    -138.25  len  100  laps 0  max_vx 28.46
ep   253  steps   27735  R    -250.40  len   93  laps 0  max_vx 28.08
ep   254  steps   27952  R    6161.95  len  217  laps 0  max_vx 32.66
ep   255  steps   28015  R    -485.88  len   63  laps 0  max_vx 26.69
ep   256  steps   28093  R    1051.99  len   78  laps 0  max_vx 26.95
ep   257  steps   28220  R    2838.18  len  127  laps 0  max_vx 28.65
ep   258  steps   28301  R    -192.69  len   81  laps 0  max_vx 27.15
ep   259  steps   28514  R    2181.49  len  213  laps 0  max_vx 32.87
ep   260  steps   28677  R    2640.31  len  163  laps 1  max_vx 30.45
ep   261  steps   28760  R    1058.61  len   83  laps 0  max_vx 27.95
ep   262  steps   29054  R    7369.62  len  294  laps 0  max_vx 33.55
ep   263  steps   29125  R    1195.75  len   71  laps 0  max_vx 27.03
ep   264  steps   29193  R     121.35  len   68  laps 0  max_vx 27.01
ep   265  steps   29326  R    2878.45  len  133  laps 0  max_vx 28.15
ep   266  steps   29443  R     818.08  len  117  laps 0  max_vx 29.08
ep   267  steps   29550  R    -184.74  len  107  laps 0  max_vx 28.06
ep   268  steps   29622  R    -941.99  len   72  laps 0  max_vx 26.28
ep   269  steps   29758  R    2295.81  len  136  laps 0  max_vx 28.14
ep   270  steps   29850  R    -227.33  len   92  laps 0  max_vx 27.98
ep   271  steps   29916  R    1269.25  len   66  laps 1  max_vx 26.24
ep   272  steps   30070  R    2036.50  len  154  laps 0  max_vx 30.76
ep   273  steps   30192  R    -513.49  len  122  laps 0  max_vx 29.28
ep   274  steps   30284  R   -1072.51  len   92  laps 0  max_vx 26.09
ep   275  steps   30506  R    2284.18  len  222  laps 0  max_vx 30.76
ep   276  steps   30592  R   -1205.09  len   86  laps 0  max_vx 26.67
ep   277  steps   30662  R     -24.62  len   70  laps 0  max_vx 27.87
ep   278  steps   30730  R    -814.89  len   68  laps 0  max_vx 25.98
ep   279  steps   30801  R     -70.22  len   71  laps 0  max_vx 27.47
ep   280  steps   30882  R     924.80  len   81  laps 0  max_vx 28.00
ep   281  steps   31027  R    -907.68  len  145  laps 0  max_vx 29.26
ep   282  steps   31154  R    2061.67  len  127  laps 0  max_vx 29.51
ep   283  steps   31277  R    1880.62  len  123  laps 0  max_vx 30.25
ep   284  steps   31359  R     434.19  len   82  laps 0  max_vx 26.93
ep   285  steps   31434  R     845.05  len   75  laps 0  max_vx 27.72
ep   286  steps   31744  R    4817.66  len  310  laps 0  max_vx 39.14
ep   287  steps   31836  R     153.45  len   92  laps 0  max_vx 27.74
ep   288  steps   31900  R    -575.88  len   64  laps 0  max_vx 26.81
ep   289  steps   32093  R   -1625.95  len  193  laps 0  max_vx 32.09
ep   290  steps   32191  R    2285.63  len   98  laps 0  max_vx 28.57
ep   291  steps   32250  R    -662.16  len   59  laps 0  max_vx 26.00
ep   292  steps   32305  R     796.33  len   55  laps 1  max_vx 26.03
ep   293  steps   32471  R     680.13  len  166  laps 0  max_vx 31.16
ep   294  steps   32564  R    1896.01  len   93  laps 0  max_vx 28.93
ep   295  steps   32686  R    -944.07  len  122  laps 0  max_vx 29.23
ep   296  steps   32745  R    -342.36  len   59  laps 0  max_vx 27.20
ep   297  steps   32848  R   -1095.64  len  103  laps 0  max_vx 28.63
ep   298  steps   32931  R     370.82  len   83  laps 0  max_vx 26.65
ep   299  steps   33035  R     512.35  len  104  laps 0  max_vx 29.15
ep   300  steps   33090  R    -573.97  len   55  laps 0  max_vx 26.27
  eval  R -261.99  len 66  max_vx 27.19  laps 0
ep   301  steps   33158  R      -2.86  len   68  laps 0  max_vx 26.60
ep   302  steps   33270  R    2321.62  len  112  laps 0  max_vx 28.39
ep   303  steps   33400  R    2374.40  len  130  laps 0  max_vx 28.86
ep   304  steps   33501  R    1575.90  len  101  laps 0  max_vx 29.15
ep   305  steps   33582  R     855.07  len   81  laps 0  max_vx 27.01
ep   306  steps   33659  R     -16.43  len   77  laps 0  max_vx 27.65
ep   307  steps   33741  R    1482.79  len   82  laps 0  max_vx 27.34
ep   308  steps   33832  R    -978.46  len   91  laps 0  max_vx 28.09
ep   309  steps   33938  R    -350.09  len  106  laps 0  max_vx 28.40
ep   310  steps   34013  R    -272.12  len   75  laps 0  max_vx 26.67
ep   311  steps   34191  R    4115.57  len  178  laps 0  max_vx 32.72
ep   312  steps   34336  R     447.50  len  145  laps 0  max_vx 29.93
ep   313  steps   34459  R    2877.05  len  123  laps 0  max_vx 29.04
ep   314  steps   34628  R    2704.98  len  169  laps 0  max_vx 31.55
ep   315  steps   34684  R    -710.77  len   56  laps 0  max_vx 25.72
ep   316  steps   34777  R    1212.77  len   93  laps 0  max_vx 27.75
ep   317  steps   34887  R   -1040.58  len  110  laps 0  max_vx 27.90
ep   318  steps   34975  R     101.33  len   88  laps 0  max_vx 27.82
ep   319  steps   35088  R    2508.42  len  113  laps 0  max_vx 28.10
ep   320  steps   35156  R     497.74  len   68  laps 0  max_vx 26.85
ep   321  steps   35233  R     832.92  len   77  laps 0  max_vx 26.03
ep   322  steps   35294  R    -164.90  len   61  laps 0  max_vx 25.97
ep   323  steps   35483  R    2263.07  len  189  laps 0  max_vx 31.48
ep   324  steps   35551  R     824.92  len   68  laps 0  max_vx 26.72
ep   325  steps   35630  R    1050.42  len   79  laps 0  max_vx 27.59
ep   326  steps   35713  R    -705.94  len   83  laps 0  max_vx 27.20
ep   327  steps   35956  R    3473.47  len  243  laps 0  max_vx 33.82
ep   328  steps   36074  R    2793.69  len  118  laps 0  max_vx 28.74
ep   329  steps   36188  R    1179.44  len  114  laps 0  max_vx 28.98
ep   330  steps   36251  R    -422.44  len   63  laps 0  max_vx 27.05
ep   331  steps   36393  R    2348.26  len  142  laps 0  max_vx 29.98
ep   332  steps   36552  R    3224.18  len  159  laps 0  max_vx 31.44
ep   333  steps   36654  R     921.89  len  102  laps 0  max_vx 28.65
ep   334  steps   36769  R   -1236.86  len  115  laps 0  max_vx 28.28
ep   335  steps   36821  R    -160.65  len   52  laps 0  max_vx 26.82
ep   336  steps   36959  R    2585.09  len  138  laps 0  max_vx 29.57
ep   337  steps   37071  R    1740.01  len  112  laps 0  max_vx 28.70
ep   338  steps   37133  R    -272.55  len   62  laps 0  max_vx 27.05
ep   339  steps   37210  R     725.45  len   77  laps 0  max_vx 26.88
ep   340  steps   37279  R    -600.82  len   69  laps 0  max_vx 27.60
ep   341  steps   37360  R     390.84  len   81  laps 0  max_vx 26.69
ep   342  steps   37444  R    1731.06  len   84  laps 0  max_vx 27.21
ep   343  steps   37518  R     838.06  len   74  laps 0  max_vx 27.79
ep   344  steps   37578  R    -568.55  len   60  laps 0  max_vx 26.39